// Jest Snapshot v1, https://goo.gl/fbAQLP

exports[`ProgressBar Should render Snapshot 1`] = `
<div
  className="relative w-full"
>
  <div
    className="flex mb-1 items-center justify-between"
    data-testid="div"
  >
    <div>
      <span
        className="text-base font-semibold inline-block py-1 capitalize rounded-full text-gray-800  dark:text-gray-200"
        data-testid="span1 "
      >
        ProgressBar Name
      </span>
    </div>
    <div
      className="text-right"
    >
      <span
        className="text-base font-semibold inline-block text-gray-800  dark:text-gray-200"
        data-testid="span2"
      >
        0
      </span>
    </div>
  </div>
  <div
    className="overflow-hidden h-4 rounded-lg mb-2 text-xs flex bg-gray-200"
    data-testid="div2"
  >
    <div
      className="shadow-none flex flex-col text-center whitespace-nowrap text-white justify-center bg-yellow"
      data-testid="div3"
      style={
        Object {
          "width": "0%",
        }
      }
    />
  </div>
</div>
`;
