// Jest Snapshot v1, https://goo.gl/fbAQLP

exports[`Card Should render Snapshot 1`] = `
<div
  className="p-10 rounded-2xl bg-white rounded-2xl"
  data-testid="div"
>
  Children
</div>
`;
