// Jest Snapshot v1, https://goo.gl/fbAQLP

exports[`NavButton Should render Snapshot 1`] = `undefined`;
